// Jest Snapshot v1, https://goo.gl/fbAQLP

exports[`Register Page handle errors and navigate snappshot 1`] = `
Object {
  "asFragment": [Function],
  "baseElement": <body>
    <div>
      <div
        class="container"
      >
        <h1>
          Register To Login
        </h1>
        <div
          class="content"
        >
          <label
            for="email"
          >
            Email
          </label>
          <input
            id="email"
            name="email"
            type="email"
            value=""
          />
        </div>
        <div
          class="content"
        >
          <label
            for="password"
          >
            Password
          </label>
          <input
            id="password"
            name="password"
            type="password"
            value=""
          />
        </div>
        <div
          class="content"
        >
          <label
            for="confirm-password"
          >
            Confirm Password
          </label>
          <input
            id="confirm-password"
            name="confirmPassword"
            type="password"
            value=""
          />
        </div>
        <div
          class="content"
        >
          <button
            class="btn"
            type="submit"
          >
            Submit
          </button>
        </div>
      </div>
    </div>
    <div>
      <div
        class="container"
      >
        <h1>
          Register To Login
        </h1>
        <div
          class="content"
        >
          <label
            for="email"
          >
            Email
          </label>
          <input
            id="email"
            name="email"
            type="email"
            value=""
          />
        </div>
        <div
          class="content"
        >
          <label
            for="password"
          >
            Password
          </label>
          <input
            id="password"
            name="password"
            type="password"
            value=""
          />
        </div>
        <div
          class="content"
        >
          <label
            for="confirm-password"
          >
            Confirm Password
          </label>
          <input
            id="confirm-password"
            name="confirmPassword"
            type="password"
            value=""
          />
        </div>
        <div
          class="content"
        >
          <button
            class="btn"
            type="submit"
          >
            Submit
          </button>
        </div>
      </div>
    </div>
  </body>,
  "container": <div>
    <div
      class="container"
    >
      <h1>
        Register To Login
      </h1>
      <div
        class="content"
      >
        <label
          for="email"
        >
          Email
        </label>
        <input
          id="email"
          name="email"
          type="email"
          value=""
        />
      </div>
      <div
        class="content"
      >
        <label
          for="password"
        >
          Password
        </label>
        <input
          id="password"
          name="password"
          type="password"
          value=""
        />
      </div>
      <div
        class="content"
      >
        <label
          for="confirm-password"
        >
          Confirm Password
        </label>
        <input
          id="confirm-password"
          name="confirmPassword"
          type="password"
          value=""
        />
      </div>
      <div
        class="content"
      >
        <button
          class="btn"
          type="submit"
        >
          Submit
        </button>
      </div>
    </div>
  </div>,
  "debug": [Function],
  "findAllByAltText": [Function],
  "findAllByDisplayValue": [Function],
  "findAllByLabelText": [Function],
  "findAllByPlaceholderText": [Function],
  "findAllByRole": [Function],
  "findAllByTestId": [Function],
  "findAllByText": [Function],
  "findAllByTitle": [Function],
  "findByAltText": [Function],
  "findByDisplayValue": [Function],
  "findByLabelText": [Function],
  "findByPlaceholderText": [Function],
  "findByRole": [Function],
  "findByTestId": [Function],
  "findByText": [Function],
  "findByTitle": [Function],
  "getAllByAltText": [Function],
  "getAllByDisplayValue": [Function],
  "getAllByLabelText": [Function],
  "getAllByPlaceholderText": [Function],
  "getAllByRole": [Function],
  "getAllByTestId": [Function],
  "getAllByText": [Function],
  "getAllByTitle": [Function],
  "getByAltText": [Function],
  "getByDisplayValue": [Function],
  "getByLabelText": [Function],
  "getByPlaceholderText": [Function],
  "getByRole": [Function],
  "getByTestId": [Function],
  "getByText": [Function],
  "getByTitle": [Function],
  "queryAllByAltText": [Function],
  "queryAllByDisplayValue": [Function],
  "queryAllByLabelText": [Function],
  "queryAllByPlaceholderText": [Function],
  "queryAllByRole": [Function],
  "queryAllByTestId": [Function],
  "queryAllByText": [Function],
  "queryAllByTitle": [Function],
  "queryByAltText": [Function],
  "queryByDisplayValue": [Function],
  "queryByLabelText": [Function],
  "queryByPlaceholderText": [Function],
  "queryByRole": [Function],
  "queryByTestId": [Function],
  "queryByText": [Function],
  "queryByTitle": [Function],
  "rerender": [Function],
  "unmount": [Function],
}
`;
